16:14:24 **** Build of configuration Debug for project UART_app ****
make all 
'Building file: ../src/helloworld.c'
'Invoking: MicroBlaze gcc compiler'
mb-gcc -Wall -O0 -g3 -c -fmessage-length=0 -MT"src/helloworld.o" -ID:/MYGITHUB/MYCODES/FPGA/IF_UART/UART/UART.vitis/UART_platform/export/UART_platform/sw/UART_platform/standalone_domain/bspinclude/include -mlittle-endian -mcpu=v11.0 -mxl-soft-mul -Wl,--no-relax -ffunction-sections -fdata-sections -MMD -MP -MF"src/helloworld.d" -MT"src/helloworld.o" -o "src/helloworld.o" "../src/helloworld.c"
'Finished building: ../src/helloworld.c'
' '
'Building file: ../src/platform.c'
'Invoking: MicroBlaze gcc compiler'
mb-gcc -Wall -O0 -g3 -c -fmessage-length=0 -MT"src/platform.o" -ID:/MYGITHUB/MYCODES/FPGA/IF_UART/UART/UART.vitis/UART_platform/export/UART_platform/sw/UART_platform/standalone_domain/bspinclude/include -mlittle-endian -mcpu=v11.0 -mxl-soft-mul -Wl,--no-relax -ffunction-sections -fdata-sections -MMD -MP -MF"src/platform.d" -MT"src/platform.o" -o "src/platform.o" "../src/platform.c"
'Finished building: ../src/platform.c'
' '
'Building target: UART_app.elf'
'Invoking: MicroBlaze gcc linker'
mb-gcc -Wl,-T -Wl,../src/lscript.ld -LD:/MYGITHUB/MYCODES/FPGA/IF_UART/UART/UART.vitis/UART_platform/export/UART_platform/sw/UART_platform/standalone_domain/bsplib/lib -mlittle-endian -mcpu=v11.0 -mxl-soft-mul -Wl,--no-relax -Wl,--gc-sections -o "UART_app.elf"  ./src/helloworld.o ./src/platform.o   -Wl,--start-group,-lxil,-lgcc,-lc,--end-group
'Finished building target: UART_app.elf'
' '
'Invoking: MicroBlaze Print Size'
mb-size UART_app.elf  |tee "UART_app.elf.size"
   text	   data	    bss	    dec	    hex	filename
   2768	    316	   3108	   6192	   1830	UART_app.elf
'Finished building: UART_app.elf.size'
' '

16:14:25 Build Finished (took 662ms)

